[debug] [2026-04-08T19:43:02.784Z] ----------------------------------------------------------------------
[debug] [2026-04-08T19:43:02.797Z] Command:       /opt/homebrew/Cellar/node/25.8.1_1/bin/node /opt/homebrew/bin/firebase deploy
[debug] [2026-04-08T19:43:02.797Z] CLI Version:   15.12.0
[debug] [2026-04-08T19:43:02.797Z] Platform:      darwin
[debug] [2026-04-08T19:43:02.797Z] Node Version:  v25.8.1
[debug] [2026-04-08T19:43:02.797Z] Time:          Wed Apr 08 2026 21:43:02 GMT+0200 (Central European Summer Time)
[debug] [2026-04-08T19:43:02.797Z] ----------------------------------------------------------------------
[debug] 
[debug] [2026-04-08T19:43:03.762Z] > command requires scopes: ["email","openid","https://www.googleapis.com/auth/cloudplatformprojects.readonly","https://www.googleapis.com/auth/firebase","https://www.googleapis.com/auth/cloud-platform"]
[debug] [2026-04-08T19:43:03.762Z] > authorizing via signed-in user (hbakesson@gmail.com)
[debug] [2026-04-08T19:43:03.762Z] [iam] checking project testapp-4f81d for permissions ["firebase.projects.get","firebasehosting.sites.update"]
[debug] [2026-04-08T19:43:03.763Z] Checked if tokens are valid: true, expires at: 1775678781894
[debug] [2026-04-08T19:43:03.763Z] Checked if tokens are valid: true, expires at: 1775678781894
[debug] [2026-04-08T19:43:03.763Z] >>> [apiv2][query] POST https://cloudresourcemanager.googleapis.com/v1/projects/testapp-4f81d:testIamPermissions [none]
[debug] [2026-04-08T19:43:03.763Z] >>> [apiv2][(partial)header] POST https://cloudresourcemanager.googleapis.com/v1/projects/testapp-4f81d:testIamPermissions  x-goog-user-project=testapp-4f81d
[debug] [2026-04-08T19:43:03.763Z] >>> [apiv2][body] POST https://cloudresourcemanager.googleapis.com/v1/projects/testapp-4f81d:testIamPermissions {"permissions":["firebase.projects.get","firebasehosting.sites.update"]}
[debug] [2026-04-08T19:43:04.595Z] <<< [apiv2][status] POST https://cloudresourcemanager.googleapis.com/v1/projects/testapp-4f81d:testIamPermissions 200
[debug] [2026-04-08T19:43:04.596Z] <<< [apiv2][body] POST https://cloudresourcemanager.googleapis.com/v1/projects/testapp-4f81d:testIamPermissions {"permissions":["firebase.projects.get","firebasehosting.sites.update"]}
[debug] [2026-04-08T19:43:04.597Z] Checked if tokens are valid: true, expires at: 1775678781894
[debug] [2026-04-08T19:43:04.597Z] Checked if tokens are valid: true, expires at: 1775678781894
[debug] [2026-04-08T19:43:04.597Z] >>> [apiv2][query] GET https://firebase.googleapis.com/v1beta1/projects/testapp-4f81d [none]
[debug] [2026-04-08T19:43:05.085Z] <<< [apiv2][status] GET https://firebase.googleapis.com/v1beta1/projects/testapp-4f81d 200
[debug] [2026-04-08T19:43:05.086Z] <<< [apiv2][body] GET https://firebase.googleapis.com/v1beta1/projects/testapp-4f81d {"projectId":"testapp-4f81d","projectNumber":"633478779492","displayName":"TestApp","name":"projects/testapp-4f81d","resources":{"hostingSite":"testapp-4f81d"},"state":"ACTIVE","etag":"1_673716ef-e046-4816-a771-6efa316e57fb"}
[debug] [2026-04-08T19:43:06.886Z] defaultcredentials: writing to file /Users/hbakesson/.config/firebase/hbakesson_gmail_com_application_default_credentials.json
[debug] [2026-04-08T19:43:06.889Z] Checked if tokens are valid: true, expires at: 1775678781894
[debug] [2026-04-08T19:43:06.889Z] Checked if tokens are valid: true, expires at: 1775678781894
[debug] [2026-04-08T19:43:06.889Z] >>> [apiv2][query] GET https://firebasehosting.googleapis.com/v1beta1/projects/testapp-4f81d/sites pageToken=&pageSize=10
[debug] [2026-04-08T19:43:08.047Z] <<< [apiv2][status] GET https://firebasehosting.googleapis.com/v1beta1/projects/testapp-4f81d/sites 200
[debug] [2026-04-08T19:43:08.047Z] <<< [apiv2][body] GET https://firebasehosting.googleapis.com/v1beta1/projects/testapp-4f81d/sites {"sites":[{"name":"projects/testapp-4f81d/sites/testapp-4f81d","defaultUrl":"https://testapp-4f81d.web.app","appId":"1:633478779492:web:49813096ce6e1d7b118571","type":"DEFAULT_SITE"}]}
[debug] [2026-04-08T19:43:08.048Z] Checked if tokens are valid: true, expires at: 1775678781894
[debug] [2026-04-08T19:43:08.048Z] Checked if tokens are valid: true, expires at: 1775678781894
[debug] [2026-04-08T19:43:08.048Z] >>> [apiv2][query] GET https://firebase.googleapis.com/v1beta1/projects/-/webApps/1:633478779492:web:49813096ce6e1d7b118571/config [none]
[debug] [2026-04-08T19:43:08.788Z] <<< [apiv2][status] GET https://firebase.googleapis.com/v1beta1/projects/-/webApps/1:633478779492:web:49813096ce6e1d7b118571/config 200
[debug] [2026-04-08T19:43:08.788Z] <<< [apiv2][body] GET https://firebase.googleapis.com/v1beta1/projects/-/webApps/1:633478779492:web:49813096ce6e1d7b118571/config {"projectId":"testapp-4f81d","appId":"1:633478779492:web:49813096ce6e1d7b118571","storageBucket":"testapp-4f81d.firebasestorage.app","apiKey":"AIzaSyD2Y28iVlnepVLLp-b3EA4l7yCF1L9BZtw","authDomain":"testapp-4f81d.firebaseapp.com","messagingSenderId":"633478779492","measurementId":"G-Q1D5TH26Y5","projectNumber":"633478779492","version":"2"}
[info] 
   Thank you for trying our early preview of Next.js support on Firebase Hosting.
   During the preview, support is best-effort and breaking changes can be expected. Proceed with caution.
   The integration is known to work with Next.js version 12 - 15.0. You may encounter errors.

   Documentation: https://firebase.google.com/docs/hosting/frameworks/nextjs
   File a bug: https://github.com/firebase/firebase-tools/issues/new?template=bug_report.md
   Submit a feature request: https://github.com/firebase/firebase-tools/issues/new?template=feature_request.md

   We'd love to learn from you. Express your interest in helping us shape the future of Firebase Hosting: https://goo.gle/41enW5X

[debug] [2026-04-08T19:43:11.347Z] Checked if tokens are valid: true, expires at: 1775678781894
[debug] [2026-04-08T19:43:11.347Z] Checked if tokens are valid: true, expires at: 1775678781894
[debug] [2026-04-08T19:43:11.347Z] >>> [apiv2][query] GET https://firebasehosting.googleapis.com/v1beta1/projects/testapp-4f81d/sites/testapp-4f81d [none]
[debug] [2026-04-08T19:43:12.019Z] <<< [apiv2][status] GET https://firebasehosting.googleapis.com/v1beta1/projects/testapp-4f81d/sites/testapp-4f81d 200
[debug] [2026-04-08T19:43:12.019Z] <<< [apiv2][body] GET https://firebasehosting.googleapis.com/v1beta1/projects/testapp-4f81d/sites/testapp-4f81d {"name":"projects/testapp-4f81d/sites/testapp-4f81d","defaultUrl":"https://testapp-4f81d.web.app","appId":"1:633478779492:web:49813096ce6e1d7b118571","type":"DEFAULT_SITE"}
[info]    ▲ Next.js 15.5.14
   - Environments: .env.local, .env


[info]    Creating an optimized production build ...

[info]  ✓ Compiled successfully in 2.7s

[info]    Linting and checking validity of types ...

[info] (node:62651) ESLintIgnoreWarning: The ".eslintignore" file is no longer supported. Switch to using the "ignores" property in "eslint.config.js": https://eslint.org/docs/latest/use/configure/migration-guide#ignoring-files
(Use `node --trace-warnings ...` to show where the warning was created)

[info] 
Failed to compile.

./src/components/BulkPlanningGrid.tsx
15:10  Warning: 'Project' is defined but never used.  @typescript-eslint/no-unused-vars
15:19  Warning: 'Period' is defined but never used.  @typescript-eslint/no-unused-vars
15:27  Warning: 'Allocation' is defined but never used.  @typescript-eslint/no-unused-vars
120:49  Error: Unexpected any. Specify a different type.  @typescript-eslint/no-explicit-any
166:23  Error: Unexpected any. Specify a different type.  @typescript-eslint/no-explicit-any
167:19  Error: Unexpected any. Specify a different type.  @typescript-eslint/no-explicit-any
182:67  Error: Unexpected any. Specify a different type.  @typescript-eslint/no-explicit-any
189:63  Error: Unexpected any. Specify a different type.  @typescript-eslint/no-explicit-any
339:75  Error: Unexpected any. Specify a different type.  @typescript-eslint/no-explicit-any
346:75  Error: Unexpected any. Specify a different type.  @typescript-eslint/no-explicit-any
363:6  Warning: React Hook useMemo has a missing dependency: 'allRelatedTeamIds'. Either include it or remove the dependency array.  react-hooks/exhaustive-deps

./src/lib/actions.ts
222:9  Warning: 'allocation' is assigned a value but never used.  @typescript-eslint/no-unused-vars
254:9  Warning: 'actual' is assigned a value but never used.  @typescript-eslint/no-unused-vars

info  - Need to disable some ESLint rules? Learn more here: https://nextjs.org/docs/app/api-reference/config/eslint#disabling-rules

[debug] [2026-04-08T19:43:20.721Z] Error: ENOENT: no such file or directory, open '/Users/hbakesson/Coding/Firebase/.next/export-marker.json'
[error] 
[error] Error: An unexpected error has occurred.
[debug] [2026-04-08T19:43:44.875Z] ----------------------------------------------------------------------
[debug] [2026-04-08T19:43:44.877Z] Command:       /opt/homebrew/Cellar/node/25.8.1_1/bin/node /opt/homebrew/bin/firebase deploy
[debug] [2026-04-08T19:43:44.877Z] CLI Version:   15.12.0
[debug] [2026-04-08T19:43:44.877Z] Platform:      darwin
[debug] [2026-04-08T19:43:44.877Z] Node Version:  v25.8.1
[debug] [2026-04-08T19:43:44.878Z] Time:          Wed Apr 08 2026 21:43:44 GMT+0200 (Central European Summer Time)
[debug] [2026-04-08T19:43:44.878Z] ----------------------------------------------------------------------
[debug] 
[debug] [2026-04-08T19:43:45.765Z] > command requires scopes: ["email","openid","https://www.googleapis.com/auth/cloudplatformprojects.readonly","https://www.googleapis.com/auth/firebase","https://www.googleapis.com/auth/cloud-platform"]
[debug] [2026-04-08T19:43:45.766Z] > authorizing via signed-in user (hbakesson@gmail.com)
[debug] [2026-04-08T19:43:45.766Z] [iam] checking project testapp-4f81d for permissions ["firebase.projects.get","firebasehosting.sites.update"]
[debug] [2026-04-08T19:43:45.766Z] Checked if tokens are valid: true, expires at: 1775678781894
[debug] [2026-04-08T19:43:45.766Z] Checked if tokens are valid: true, expires at: 1775678781894
[debug] [2026-04-08T19:43:45.767Z] >>> [apiv2][query] POST https://cloudresourcemanager.googleapis.com/v1/projects/testapp-4f81d:testIamPermissions [none]
[debug] [2026-04-08T19:43:45.767Z] >>> [apiv2][(partial)header] POST https://cloudresourcemanager.googleapis.com/v1/projects/testapp-4f81d:testIamPermissions  x-goog-user-project=testapp-4f81d
[debug] [2026-04-08T19:43:45.767Z] >>> [apiv2][body] POST https://cloudresourcemanager.googleapis.com/v1/projects/testapp-4f81d:testIamPermissions {"permissions":["firebase.projects.get","firebasehosting.sites.update"]}
[debug] [2026-04-08T19:43:46.005Z] <<< [apiv2][status] POST https://cloudresourcemanager.googleapis.com/v1/projects/testapp-4f81d:testIamPermissions 200
[debug] [2026-04-08T19:43:46.006Z] <<< [apiv2][body] POST https://cloudresourcemanager.googleapis.com/v1/projects/testapp-4f81d:testIamPermissions {"permissions":["firebase.projects.get","firebasehosting.sites.update"]}
[debug] [2026-04-08T19:43:46.006Z] Checked if tokens are valid: true, expires at: 1775678781894
[debug] [2026-04-08T19:43:46.006Z] Checked if tokens are valid: true, expires at: 1775678781894
[debug] [2026-04-08T19:43:46.007Z] >>> [apiv2][query] GET https://firebase.googleapis.com/v1beta1/projects/testapp-4f81d [none]
[debug] [2026-04-08T19:43:46.458Z] <<< [apiv2][status] GET https://firebase.googleapis.com/v1beta1/projects/testapp-4f81d 200
[debug] [2026-04-08T19:43:46.458Z] <<< [apiv2][body] GET https://firebase.googleapis.com/v1beta1/projects/testapp-4f81d {"projectId":"testapp-4f81d","projectNumber":"633478779492","displayName":"TestApp","name":"projects/testapp-4f81d","resources":{"hostingSite":"testapp-4f81d"},"state":"ACTIVE","etag":"1_673716ef-e046-4816-a771-6efa316e57fb"}
[debug] [2026-04-08T19:43:47.783Z] defaultcredentials: writing to file /Users/hbakesson/.config/firebase/hbakesson_gmail_com_application_default_credentials.json
[debug] [2026-04-08T19:43:47.784Z] Checked if tokens are valid: true, expires at: 1775678781894
[debug] [2026-04-08T19:43:47.784Z] Checked if tokens are valid: true, expires at: 1775678781894
[debug] [2026-04-08T19:43:47.785Z] >>> [apiv2][query] GET https://firebasehosting.googleapis.com/v1beta1/projects/testapp-4f81d/sites pageToken=&pageSize=10
[debug] [2026-04-08T19:43:48.866Z] <<< [apiv2][status] GET https://firebasehosting.googleapis.com/v1beta1/projects/testapp-4f81d/sites 200
[debug] [2026-04-08T19:43:48.866Z] <<< [apiv2][body] GET https://firebasehosting.googleapis.com/v1beta1/projects/testapp-4f81d/sites {"sites":[{"name":"projects/testapp-4f81d/sites/testapp-4f81d","defaultUrl":"https://testapp-4f81d.web.app","appId":"1:633478779492:web:49813096ce6e1d7b118571","type":"DEFAULT_SITE"}]}
[debug] [2026-04-08T19:43:48.867Z] Checked if tokens are valid: true, expires at: 1775678781894
[debug] [2026-04-08T19:43:48.867Z] Checked if tokens are valid: true, expires at: 1775678781894
[debug] [2026-04-08T19:43:48.868Z] >>> [apiv2][query] GET https://firebase.googleapis.com/v1beta1/projects/-/webApps/1:633478779492:web:49813096ce6e1d7b118571/config [none]
[debug] [2026-04-08T19:43:49.390Z] <<< [apiv2][status] GET https://firebase.googleapis.com/v1beta1/projects/-/webApps/1:633478779492:web:49813096ce6e1d7b118571/config 200
[debug] [2026-04-08T19:43:49.391Z] <<< [apiv2][body] GET https://firebase.googleapis.com/v1beta1/projects/-/webApps/1:633478779492:web:49813096ce6e1d7b118571/config {"projectId":"testapp-4f81d","appId":"1:633478779492:web:49813096ce6e1d7b118571","storageBucket":"testapp-4f81d.firebasestorage.app","apiKey":"AIzaSyD2Y28iVlnepVLLp-b3EA4l7yCF1L9BZtw","authDomain":"testapp-4f81d.firebaseapp.com","messagingSenderId":"633478779492","measurementId":"G-Q1D5TH26Y5","projectNumber":"633478779492","version":"2"}
[info] 
   Thank you for trying our early preview of Next.js support on Firebase Hosting.
   During the preview, support is best-effort and breaking changes can be expected. Proceed with caution.
   The integration is known to work with Next.js version 12 - 15.0. You may encounter errors.

   Documentation: https://firebase.google.com/docs/hosting/frameworks/nextjs
   File a bug: https://github.com/firebase/firebase-tools/issues/new?template=bug_report.md
   Submit a feature request: https://github.com/firebase/firebase-tools/issues/new?template=feature_request.md

   We'd love to learn from you. Express your interest in helping us shape the future of Firebase Hosting: https://goo.gle/41enW5X

[debug] [2026-04-08T19:43:52.006Z] Checked if tokens are valid: true, expires at: 1775678781894
[debug] [2026-04-08T19:43:52.007Z] Checked if tokens are valid: true, expires at: 1775678781894
[debug] [2026-04-08T19:43:52.007Z] >>> [apiv2][query] GET https://firebasehosting.googleapis.com/v1beta1/projects/testapp-4f81d/sites/testapp-4f81d [none]
[debug] [2026-04-08T19:43:52.820Z] <<< [apiv2][status] GET https://firebasehosting.googleapis.com/v1beta1/projects/testapp-4f81d/sites/testapp-4f81d 200
[debug] [2026-04-08T19:43:52.821Z] <<< [apiv2][body] GET https://firebasehosting.googleapis.com/v1beta1/projects/testapp-4f81d/sites/testapp-4f81d {"name":"projects/testapp-4f81d/sites/testapp-4f81d","defaultUrl":"https://testapp-4f81d.web.app","appId":"1:633478779492:web:49813096ce6e1d7b118571","type":"DEFAULT_SITE"}
[info]    ▲ Next.js 15.5.14

[info]    - Environments: .env.local, .env


[info]    Creating an optimized production build ...

[info]  ✓ Compiled successfully in 3.6s

[info]    Linting and checking validity of types ...

[info] (node:62718) ESLintIgnoreWarning: The ".eslintignore" file is no longer supported. Switch to using the "ignores" property in "eslint.config.js": https://eslint.org/docs/latest/use/configure/migration-guide#ignoring-files
(Use `node --trace-warnings ...` to show where the warning was created)

[info] 
Failed to compile.

./src/components/BulkPlanningGrid.tsx
15:10  Warning: 'Project' is defined but never used.  @typescript-eslint/no-unused-vars
15:19  Warning: 'Period' is defined but never used.  @typescript-eslint/no-unused-vars
15:27  Warning: 'Allocation' is defined but never used.  @typescript-eslint/no-unused-vars
120:49  Error: Unexpected any. Specify a different type.  @typescript-eslint/no-explicit-any
166:23  Error: Unexpected any. Specify a different type.  @typescript-eslint/no-explicit-any
167:19  Error: Unexpected any. Specify a different type.  @typescript-eslint/no-explicit-any
337:9  Warning: Unused eslint-disable directive (no problems were reported from '@typescript-eslint/no-explicit-any').

info  - Need to disable some ESLint rules? Learn more here: https://nextjs.org/docs/app/api-reference/config/eslint#disabling-rules

[debug] [2026-04-08T19:44:03.661Z] Error: ENOENT: no such file or directory, open '/Users/hbakesson/Coding/Firebase/.next/export-marker.json'
[error] 
[error] Error: An unexpected error has occurred.
[debug] [2026-04-08T19:44:37.213Z] ----------------------------------------------------------------------
[debug] [2026-04-08T19:44:37.215Z] Command:       /opt/homebrew/Cellar/node/25.8.1_1/bin/node /opt/homebrew/bin/firebase deploy
[debug] [2026-04-08T19:44:37.215Z] CLI Version:   15.12.0
[debug] [2026-04-08T19:44:37.216Z] Platform:      darwin
[debug] [2026-04-08T19:44:37.216Z] Node Version:  v25.8.1
[debug] [2026-04-08T19:44:37.216Z] Time:          Wed Apr 08 2026 21:44:37 GMT+0200 (Central European Summer Time)
[debug] [2026-04-08T19:44:37.216Z] ----------------------------------------------------------------------
[debug] 
[debug] [2026-04-08T19:44:38.359Z] > command requires scopes: ["email","openid","https://www.googleapis.com/auth/cloudplatformprojects.readonly","https://www.googleapis.com/auth/firebase","https://www.googleapis.com/auth/cloud-platform"]
[debug] [2026-04-08T19:44:38.359Z] > authorizing via signed-in user (hbakesson@gmail.com)
[debug] [2026-04-08T19:44:38.359Z] [iam] checking project testapp-4f81d for permissions ["firebase.projects.get","firebasehosting.sites.update"]
[debug] [2026-04-08T19:44:38.359Z] Checked if tokens are valid: true, expires at: 1775678781894
[debug] [2026-04-08T19:44:38.359Z] Checked if tokens are valid: true, expires at: 1775678781894
[debug] [2026-04-08T19:44:38.360Z] >>> [apiv2][query] POST https://cloudresourcemanager.googleapis.com/v1/projects/testapp-4f81d:testIamPermissions [none]
[debug] [2026-04-08T19:44:38.360Z] >>> [apiv2][(partial)header] POST https://cloudresourcemanager.googleapis.com/v1/projects/testapp-4f81d:testIamPermissions  x-goog-user-project=testapp-4f81d
[debug] [2026-04-08T19:44:38.360Z] >>> [apiv2][body] POST https://cloudresourcemanager.googleapis.com/v1/projects/testapp-4f81d:testIamPermissions {"permissions":["firebase.projects.get","firebasehosting.sites.update"]}
[debug] [2026-04-08T19:44:39.216Z] <<< [apiv2][status] POST https://cloudresourcemanager.googleapis.com/v1/projects/testapp-4f81d:testIamPermissions 200
[debug] [2026-04-08T19:44:39.217Z] <<< [apiv2][body] POST https://cloudresourcemanager.googleapis.com/v1/projects/testapp-4f81d:testIamPermissions {"permissions":["firebase.projects.get","firebasehosting.sites.update"]}
[debug] [2026-04-08T19:44:39.218Z] Checked if tokens are valid: true, expires at: 1775678781894
[debug] [2026-04-08T19:44:39.218Z] Checked if tokens are valid: true, expires at: 1775678781894
[debug] [2026-04-08T19:44:39.218Z] >>> [apiv2][query] GET https://firebase.googleapis.com/v1beta1/projects/testapp-4f81d [none]
[debug] [2026-04-08T19:44:40.203Z] <<< [apiv2][status] GET https://firebase.googleapis.com/v1beta1/projects/testapp-4f81d 200
[debug] [2026-04-08T19:44:40.203Z] <<< [apiv2][body] GET https://firebase.googleapis.com/v1beta1/projects/testapp-4f81d {"projectId":"testapp-4f81d","projectNumber":"633478779492","displayName":"TestApp","name":"projects/testapp-4f81d","resources":{"hostingSite":"testapp-4f81d"},"state":"ACTIVE","etag":"1_673716ef-e046-4816-a771-6efa316e57fb"}
[debug] [2026-04-08T19:44:41.462Z] defaultcredentials: writing to file /Users/hbakesson/.config/firebase/hbakesson_gmail_com_application_default_credentials.json
[debug] [2026-04-08T19:44:41.464Z] Checked if tokens are valid: true, expires at: 1775678781894
[debug] [2026-04-08T19:44:41.464Z] Checked if tokens are valid: true, expires at: 1775678781894
[debug] [2026-04-08T19:44:41.464Z] >>> [apiv2][query] GET https://firebasehosting.googleapis.com/v1beta1/projects/testapp-4f81d/sites pageToken=&pageSize=10
[debug] [2026-04-08T19:44:42.483Z] <<< [apiv2][status] GET https://firebasehosting.googleapis.com/v1beta1/projects/testapp-4f81d/sites 200
[debug] [2026-04-08T19:44:42.484Z] <<< [apiv2][body] GET https://firebasehosting.googleapis.com/v1beta1/projects/testapp-4f81d/sites {"sites":[{"name":"projects/testapp-4f81d/sites/testapp-4f81d","defaultUrl":"https://testapp-4f81d.web.app","appId":"1:633478779492:web:49813096ce6e1d7b118571","type":"DEFAULT_SITE"}]}
[debug] [2026-04-08T19:44:42.485Z] Checked if tokens are valid: true, expires at: 1775678781894
[debug] [2026-04-08T19:44:42.485Z] Checked if tokens are valid: true, expires at: 1775678781894
[debug] [2026-04-08T19:44:42.485Z] >>> [apiv2][query] GET https://firebase.googleapis.com/v1beta1/projects/-/webApps/1:633478779492:web:49813096ce6e1d7b118571/config [none]
[debug] [2026-04-08T19:44:42.999Z] <<< [apiv2][status] GET https://firebase.googleapis.com/v1beta1/projects/-/webApps/1:633478779492:web:49813096ce6e1d7b118571/config 200
[debug] [2026-04-08T19:44:43.000Z] <<< [apiv2][body] GET https://firebase.googleapis.com/v1beta1/projects/-/webApps/1:633478779492:web:49813096ce6e1d7b118571/config {"projectId":"testapp-4f81d","appId":"1:633478779492:web:49813096ce6e1d7b118571","storageBucket":"testapp-4f81d.firebasestorage.app","apiKey":"AIzaSyD2Y28iVlnepVLLp-b3EA4l7yCF1L9BZtw","authDomain":"testapp-4f81d.firebaseapp.com","messagingSenderId":"633478779492","measurementId":"G-Q1D5TH26Y5","projectNumber":"633478779492","version":"2"}
[info] 
   Thank you for trying our early preview of Next.js support on Firebase Hosting.
   During the preview, support is best-effort and breaking changes can be expected. Proceed with caution.
   The integration is known to work with Next.js version 12 - 15.0. You may encounter errors.

   Documentation: https://firebase.google.com/docs/hosting/frameworks/nextjs
   File a bug: https://github.com/firebase/firebase-tools/issues/new?template=bug_report.md
   Submit a feature request: https://github.com/firebase/firebase-tools/issues/new?template=feature_request.md

   We'd love to learn from you. Express your interest in helping us shape the future of Firebase Hosting: https://goo.gle/41enW5X

[debug] [2026-04-08T19:44:45.414Z] Checked if tokens are valid: true, expires at: 1775678781894
[debug] [2026-04-08T19:44:45.414Z] Checked if tokens are valid: true, expires at: 1775678781894
[debug] [2026-04-08T19:44:45.414Z] >>> [apiv2][query] GET https://firebasehosting.googleapis.com/v1beta1/projects/testapp-4f81d/sites/testapp-4f81d [none]
[debug] [2026-04-08T19:44:46.153Z] <<< [apiv2][status] GET https://firebasehosting.googleapis.com/v1beta1/projects/testapp-4f81d/sites/testapp-4f81d 200
[debug] [2026-04-08T19:44:46.153Z] <<< [apiv2][body] GET https://firebasehosting.googleapis.com/v1beta1/projects/testapp-4f81d/sites/testapp-4f81d {"name":"projects/testapp-4f81d/sites/testapp-4f81d","defaultUrl":"https://testapp-4f81d.web.app","appId":"1:633478779492:web:49813096ce6e1d7b118571","type":"DEFAULT_SITE"}
[info]    ▲ Next.js 15.5.14

[info]    - Environments: .env.local, .env


[info]    Creating an optimized production build ...

[info]  ✓ Compiled successfully in 2.8s

[info]    Linting and checking validity of types ...

[info] (node:62791) ESLintIgnoreWarning: The ".eslintignore" file is no longer supported. Switch to using the "ignores" property in "eslint.config.js": https://eslint.org/docs/latest/use/configure/migration-guide#ignoring-files
(Use `node --trace-warnings ...` to show where the warning was created)

[info] 
Failed to compile.

./src/components/BulkPlanningGrid.tsx
336:48  Error: Unexpected any. Specify a different type.  @typescript-eslint/no-explicit-any

info  - Need to disable some ESLint rules? Learn more here: https://nextjs.org/docs/app/api-reference/config/eslint#disabling-rules

[debug] [2026-04-08T19:44:55.168Z] Error: ENOENT: no such file or directory, open '/Users/hbakesson/Coding/Firebase/.next/export-marker.json'
[error] 
[error] Error: An unexpected error has occurred.
